// Jest Snapshot v1, https://goo.gl/fbAQLP

exports[`Login Component Snapshot Login 1`] = `
<DocumentFragment>
  <div>
    <h1
      style="font-size: 2.1875rem;"
    >
      Login
    </h1>
    <div
      class="sc-bcPKhP htqPTV"
    >
      <label
        class="sc-grXZZQ ldwdmZ"
        disabled=""
        for="email"
      >
        E-mail
      </label>
      <input
        class="sc-dkjKgF ddkJja"
        disabled=""
        id="email"
        placeholder="teste"
      />
    </div>
  </div>
</DocumentFragment>
`;
