// Jest Snapshot v1, https://goo.gl/fbAQLP

exports[`Input Component Snapshot Input 1`] = `
<DocumentFragment>
  .c1 {
  display: flex;
  flex-direction: column;
  width: 100%;
}

.c0+.c0 {
  margin-top: 1rem;
}

.c2 {
  color: #4E4E4E;
  margin-bottom: 0.25rem;
}

.c3 {
  color: #4E4E4E;
  padding: 0.5rem;
  border: solid #BABABA 1px;
  border-radius: 5px;
}

.c3:focus {
  border-color: #0353A4;
  color: #0353A4;
}

.c3::placeholder {
  color: #BABABA;
}

.c3:placeholder .c3.c3 :disabled {
  color: #E9E9E9;
}

<div
    class="c0 c1"
  >
    <label
      class="c2"
      for="idname"
    >
      Name
    </label>
    <input
      class="c3"
      id="idname"
    />
  </div>
</DocumentFragment>
`;
